IP_VS_CONN_F_NOOUTPUT,VAR_0
IP_VS_SCTP_S_CLOSED,VAR_1
IP_VS_TCP_S_CLOSE,VAR_2
IP_VS_TCP_S_FIN_WAIT,VAR_3
IP_VS_TCP_S_TIME_WAIT,VAR_4
is_new_conn_expected,FUNC_0
cp,VAR_5
conn_reuse_mode,VAR_6
