free_token,FUNC_0
read_token,FUNC_1
read_token_item,FUNC_2
test_type_token,FUNC_3
__read_expected,FUNC_4
expect,VAR_0
str,VAR_1
newline_ok,VAR_2
type,VAR_3
token,VAR_4
ret,VAR_5
