HID_DG_CONTACTCOUNT,VAR_0
hid_get_drvdata,FUNC_0
wacom_equivalent_usage,FUNC_1
wacom_set_num_expected,FUNC_2
hdev,VAR_1
report,VAR_2
collection_index,VAR_3
field,VAR_4
field_index,VAR_5
wacom,VAR_6
wacom_wac,VAR_7
hid_data,VAR_8
original_collection_level,VAR_9
end_collection,VAR_10
i,VAR_11
field,VAR_12
field_level,VAR_13
j,VAR_14
usage,VAR_15
field,VAR_16
value,VAR_17
