ASSERT_INT_EQ,FUNC_0
KEY_ECDSA,VAR_0
sshkey_load_public,FUNC_1
test_data_file,FUNC_2
prepare_expected,FUNC_3
expected,VAR_1
n,VAR_2
i,VAR_3
