sshkey_free,FUNC_0
cleanup_expected,FUNC_1
expected,VAR_0
n,VAR_1
i,VAR_2
