GIT_UNUSED,FUNC_0
cl_assert,FUNC_1
cl_assert_equal_i,FUNC_2
git__strcmp,FUNC_3
test_names_expected,FUNC_4
delta,VAR_0
progress,VAR_1
p,VAR_2
expected,VAR_3
