RHF_RCV_CONTINUE,VAR_0
hfi1_dbg_should_fault_rx,FUNC_0
hfi1_handle_kdeth_eflags,FUNC_1
hfi1_kdeth_expected_rcv,FUNC_2
hfi1_setup_9B_packet,FUNC_3
rhf_err_flags,FUNC_4
unlikely,FUNC_5
kdeth_process_expected,FUNC_6
packet,VAR_1
rcd,VAR_2
