FALSE,VAR_0
TRUE,VAR_1
checkprefix,FUNC_0
output_expected,FUNC_1
url,VAR_2
uploadfile,VAR_3
