ERRCODE_READ_ONLY_SQL_TRANSACTION,VAR_0
NOTICE,VAR_1
RELPERSISTENCE_UNLOGGED,VAR_2
RecoveryInProgress,FUNC_0
RelationGetRelationName,FUNC_1
ereport,FUNC_2
errcode,FUNC_3
errmsg,FUNC_4
btree_index_mainfork_expected,FUNC_5
rel,VAR_3
