NIL,VAR_0
select_stmt_as_expected,FUNC_0
stmt,VAR_1
