mpc_malloc,FUNC_0
mpc_realloc,FUNC_1
strcpy,FUNC_2
strlen,FUNC_3
mpc_err_add_expected,FUNC_4
i,VAR_0
x,VAR_1
expected,VAR_2
