luaO_pushfstring,FUNC_0
luaX_syntaxerror,FUNC_1
luaX_token2str,FUNC_2
error_expected,FUNC_3
ls,VAR_0
token,VAR_1
