SSL_kDHE,VAR_0
SSL_kDHEPSK,VAR_1
SSL_kECDHE,VAR_2
SSL_kECDHEPSK,VAR_3
SSL_kSRP,VAR_4
key_exchange_expected,FUNC_0
s,VAR_5
alg_k,VAR_6
