curhdr,VAR_0
fprintf,FUNC_0
reset,FUNC_1
stderr,VAR_1
_expected,FUNC_2
who,VAR_2
what,VAR_3
where,VAR_4
line,VAR_5
