byleng,FUNC_0
ldchar,FUNC_1
printf,FUNC_2
rupshift,FUNC_3
main,FUNC_4
t1,VAR_0
buf,VAR_1
k,VAR_2
