fprintf,FUNC_0
sqlprint,FUNC_1
stderr,VAR_0
print,FUNC_2
msg,VAR_1
