check_return,FUNC_0
printf,FUNC_1
rdatestr,FUNC_2
rstrdate,FUNC_3
date_test_strdate,FUNC_4
input,VAR_0
i,VAR_1
d,VAR_2
r,VAR_3
q,VAR_4
dbuf,VAR_5
