printf,FUNC_0
risnull,FUNC_1
test_null,FUNC_2
type,VAR_0
ptr,VAR_1
