ECPGdebug,FUNC_0
fmtlong,FUNC_1
stderr,VAR_0
main,FUNC_2
