check_return,FUNC_0
printf,FUNC_1
rfmtdate,FUNC_2
date_test_fmt,FUNC_3
d,VAR_0
fmt,VAR_1
i,VAR_2
buf,VAR_3
r,VAR_4
