exit,FUNC_0
printf,FUNC_1
sqlca,VAR_0
error,FUNC_2
