dectoasc,FUNC_0
printf,FUNC_1
dump_sqlda,FUNC_2
sqlda,VAR_0
i,VAR_1
val,VAR_2
