check_return,FUNC_0
printf,FUNC_1
rfmtlong,FUNC_2
fmtlong,FUNC_3
lng,VAR_0
fmt,VAR_1
i,VAR_2
r,VAR_3
buf,VAR_4
