PGTYPESchar_free,FUNC_0
PGTYPESnumeric_to_asc,FUNC_1
printf,FUNC_2
dump_sqlda,FUNC_3
sqlda,VAR_0
i,VAR_1
val,VAR_2
