ECPGdebug,FUNC_0
date_test_defmt,FUNC_1
date_test_fmt,FUNC_2
date_test_strdate,FUNC_3
printf,FUNC_4
rdatestr,FUNC_5
rmdyjul,FUNC_6
stderr,VAR_0
main,FUNC_7
mdy,VAR_1
dbuf,VAR_2
d,VAR_3
r,VAR_4
