CloseHandle,FUNC_0
INFINITE,VAR_0
THREADS,VAR_1
TRUE,VAR_2
WaitForMultipleObjects,FUNC_1
_beginthreadex,FUNC_2
fn,FUNC_3
pthread_create,FUNC_4
pthread_join,FUNC_5
main,FUNC_6
