fprintf,FUNC_0
sqlprint,FUNC_1
stderr,VAR_0
print2,FUNC_2
