check_return,FUNC_0
printf,FUNC_1
rdatestr,FUNC_2
rdefmtdate,FUNC_3
date_test_defmt,FUNC_4
fmt,VAR_0
input,VAR_1
i,VAR_2
dbuf,VAR_3
d,VAR_4
q,VAR_5
r,VAR_6
