printf,FUNC_0
sprintf,FUNC_1
strlen,FUNC_2
print_double,FUNC_3
x,VAR_0
