errno,VAR_0
printf,FUNC_0
strerror,FUNC_1
check_errno,FUNC_2
