printf,FUNC_0
dump_binary,FUNC_1
buf,VAR_0
len,VAR_1
ind,VAR_2
i,VAR_3
