printf,FUNC_0
sqlnotice,FUNC_1
notice,VAR_0
trans,VAR_1
