IB_MAD_METHOD_GET,VAR_0
IB_MAD_METHOD_SET,VAR_1
IB_MAD_METHOD_TRAP,VAR_2
response_expected,FUNC_0
method,VAR_3
